  UIParts.cpp
C:\Users\s_i30\shSLASH\Game\ui\UIParts.cpp(1,1): warning C4819: ファイルは、現在のコード ページ (932) で表示できない文字を含んでいます。データの損失を防ぐために、ファイルを Unicode 形式で保存してください。
C:\Users\s_i30\shSLASH\Game\ui\UIParts.h(1,1): warning C4819: ファイルは、現在のコード ページ (932) で表示できない文字を含んでいます。データの損失を防ぐために、ファイルを Unicode 形式で保存してください。
  (ソース ファイル '/ui/UIParts.cpp' をコンパイルしています)
  
C:\Users\s_i30\shSLASH\Game\ui\UIAnimation.h(1,1): warning C4819: ファイルは、現在のコード ページ (932) で表示できない文字を含んでいます。データの損失を防ぐために、ファイルを Unicode 形式で保存してください。
  (ソース ファイル '/ui/UIParts.cpp' をコンパイルしています)
  
C:\Users\s_i30\shSLASH\Game\ui\UIParts.cpp(252,9): warning C4244: '=': 'const float' から 'int' への変換です。データが失われる可能性があります。
  (ソース ファイル '/ui/UIParts.cpp' をコンパイルしています)
  
C:\Users\s_i30\shSLASH\Game\ui\UIParts.cpp(253,9): warning C4244: '=': 'const float' から 'int' への変換です。データが失われる可能性があります。
  (ソース ファイル '/ui/UIParts.cpp' をコンパイルしています)
  
C:\Users\s_i30\shSLASH\Game\ui\UIParts.cpp(296,46): warning C4244: '引数': 'int' から 'const float' への変換です。データが失われる可能性があります。
  (ソース ファイル '/ui/UIParts.cpp' をコンパイルしています)
  
C:\Users\s_i30\shSLASH\Game\ui\UIParts.cpp(296,42): warning C4244: '引数': 'int' から 'const float' への変換です。データが失われる可能性があります。
  (ソース ファイル '/ui/UIParts.cpp' をコンパイルしています)
  
  コード生成しています。
  7 of 13882 functions (<0.1%) were compiled, the rest were copied from previous compilation.
    0 functions were new in current compilation
    72 functions had inline decision re-evaluated but remain unchanged
  コード生成が終了しました。
  Game.vcxproj -> C:\Users\s_i30\shSLASH\Game\x64\Release\Game.exe
